// Jest Snapshot v1, https://goo.gl/fbAQLP

exports[`IntegrationsPage should match snapshot 1`] = `
<div
  class="space-y-6"
>
  <div
    class="flex items-center justify-between"
  >
    <div>
      <h1
        class="text-2xl font-bold text-gray-900"
      >
        Integration Management
      </h1>
      <p
        class="mt-1 text-sm text-gray-600"
      >
        Configure and manage your exchange rate API providers
      </p>
    </div>
    <button
      class="inline-flex items-center justify-center font-medium rounded-lg transition-all duration-200 focus:outline-none focus:ring-2 focus:ring-offset-2 disabled:opacity-50 disabled:cursor-not-allowed bg-blue-600 text-white hover:bg-blue-700 focus:ring-blue-500 px-4 py-2 text-sm "
      type="button"
    >
      <svg
        class="h-5 w-5 mr-2"
        fill="none"
        stroke="currentColor"
        viewBox="0 0 24 24"
      >
        <path
          d="M12 6v6m0 0v6m0-6h6m-6 0H6"
          stroke-linecap="round"
          stroke-linejoin="round"
          stroke-width="2"
        />
      </svg>
      Add Integration
    </button>
  </div>
  <div
    class="px-4 py-3 rounded-lg border bg-red-50 border-red-200 text-red-800 "
  >
    <div
      class="flex items-center justify-between"
    >
      <div
        class="flex-1"
      >
        _api.integrationsAPI.getAll is not a function
      </div>
      <button
        class="ml-3 inline-flex text-gray-400 hover:text-gray-600 focus:outline-none"
      >
        <span
          class="sr-only"
        >
          Close
        </span>
        <svg
          class="h-5 w-5"
          fill="currentColor"
          viewBox="0 0 20 20"
        >
          <path
            clip-rule="evenodd"
            d="M4.293 4.293a1 1 0 011.414 0L10 8.586l4.293-4.293a1 1 0 111.414 1.414L11.414 10l4.293 4.293a1 1 0 01-1.414 1.414L10 11.414l-4.293 4.293a1 1 0 01-1.414-1.414L8.586 10 4.293 5.707a1 1 0 010-1.414z"
            fill-rule="evenodd"
          />
        </svg>
      </button>
    </div>
  </div>
  <div
    class="bg-white rounded-xl shadow-sm border border-gray-200 "
  >
    <div
      class="px-6 py-4 border-b border-gray-200 "
    >
      <div
        class="flex items-center justify-between"
      >
        <h2
          class="text-lg font-semibold text-gray-900"
        >
          Active Integrations
        </h2>
        <div
          class="flex gap-2"
        >
          <button
            class="px-3 py-1.5 text-sm font-medium rounded-lg transition-colors bg-blue-100 text-blue-700"
          >
            All
          </button>
          <button
            class="px-3 py-1.5 text-sm font-medium rounded-lg transition-colors text-gray-600 hover:bg-gray-100"
          >
            Active
          </button>
          <button
            class="px-3 py-1.5 text-sm font-medium rounded-lg transition-colors text-gray-600 hover:bg-gray-100"
          >
            Inactive
          </button>
        </div>
      </div>
    </div>
    <div
      class="px-6 py-4 p-0"
    >
      <div
        class="text-center py-12"
      >
        <div
          class="flex justify-center mb-4"
        >
          <svg
            class="h-12 w-12 text-gray-400"
            fill="none"
            stroke="currentColor"
            viewBox="0 0 24 24"
          >
            <path
              d="M11 4a2 2 0 114 0v1a1 1 0 001 1h3a1 1 0 011 1v3a1 1 0 01-1 1h-1a2 2 0 100 4h1a1 1 0 011 1v3a1 1 0 01-1 1h-3a1 1 0 01-1-1v-1a2 2 0 10-4 0v1a1 1 0 01-1 1H7a1 1 0 01-1-1v-3a1 1 0 00-1-1H4a2 2 0 110-4h1a1 1 0 001-1V7a1 1 0 011-1h3a1 1 0 001-1V4z"
              stroke-linecap="round"
              stroke-linejoin="round"
              stroke-width="2"
            />
          </svg>
        </div>
        <h3
          class="text-lg font-medium text-gray-900 mb-2"
        >
          No integrations found
        </h3>
        <p
          class="text-gray-500 mb-6 max-w-md mx-auto"
        >
          Get started by adding your first exchange rate API integration
        </p>
        <button
          class="inline-flex items-center justify-center font-medium rounded-lg transition-all duration-200 focus:outline-none focus:ring-2 focus:ring-offset-2 disabled:opacity-50 disabled:cursor-not-allowed bg-blue-600 text-white hover:bg-blue-700 focus:ring-blue-500 px-4 py-2 text-sm "
          type="button"
        >
          Add Your First Integration
        </button>
      </div>
    </div>
  </div>
</div>
`;
